[2026/5/17 01:48:21] 🚀 抖老板订单明细导出自动化启动
[2026/5/17 01:48:22] 📅 目标日期范围: 2026-05-10 ~ 2026-05-16
[2026/5/17 01:48:22] 🌐 打开订单明细页面...
[2026/5/17 01:48:31] 🔄 切换到【订单明细】...
[2026/5/17 01:48:34] ✅ 已点击菜单 (method: menu-item-click)
[2026/5/17 01:48:34] ✅ 验证通过：当前是订单明细页面
[2026/5/17 01:48:34]    📸 截图已保存: C:\Users\W\Desktop\Kimi Code\douyin-dashboard\scripts\.downloads\screenshot-after-switch-tab-1778953714845.png
[2026/5/17 01:48:34] 📅 设置日期范围: 2026-05-10 ~ 2026-05-16
[2026/5/17 01:48:36]    ✅ 已点击"最近7天" (BUTTON.arco-btn arco-btn-secondary arco-btn-shape-square arco-btn-size-mini arco-btn-status-normal)
[2026/5/17 01:48:36]    ⚠️ 未找到确定按钮
[2026/5/17 01:48:39]    设置后日期: -
[2026/5/17 01:48:39] ✅ 日期设置完成
[2026/5/17 01:48:39] 📥 开始导出流程...
[2026/5/17 01:48:39]    步骤1: 探测导出按钮...
[2026/5/17 01:48:39]    扫描到 17 个含"导出/下载"的候选元素:
[2026/5/17 01:48:39]      [0] <html> class=" " id="" text="订单明细 - 上抖老板，免费领爆款样品！
    
    
    
    
    
  x-" (1280×720)
[2026/5/17 01:48:39]      [1] <body> class="" id="kabuda" text="快手抖音淘宝视频号...首页爆品榜单达人榜单选品库工具专题活动看收益工作台概览订单分析订单明细商品排" (1280×720)
[2026/5/17 01:48:39]      [2] <div> class="" id="app" text="快手抖音淘宝视频号...首页爆品榜单达人榜单选品库工具专题活动看收益工作台概览订单分析订单明细商品排" (1280×720)
[2026/5/17 01:48:39]      [3] <section> class="arco-layout layout" id="" text="快手抖音淘宝视频号...首页爆品榜单达人榜单选品库工具专题活动看收益工作台概览订单分析订单明细商品排" (1280×720)
[2026/5/17 01:48:39]      [4] <section> class="arco-layout arco-layout-has-sider" id="" text="概览订单分析订单明细商品排行账号排行店铺排行员工排行小组排行带货管理账号列表橱窗管理可多赚37.0w" (1280×664)
[2026/5/17 01:48:39]      [5] <section> class="arco-layout layout-mian" id="" text="订单汇总 自定义列指标说明全部销售额351,653全部单数25,276全部佣金64,503.56有效" (1280×664)
[2026/5/17 01:48:39]      [6] <div> class="douyin-order-manage-page-template layout-content" id="" text="订单汇总 自定义列指标说明全部销售额351,653全部单数25,276全部佣金64,503.56有效" (1112×664)
[2026/5/17 01:48:39]      [7] <div> class="arco-scrollbar arco-scrollbar-type-embed" id="" text="订单汇总 自定义列指标说明全部销售额351,653全部单数25,276全部佣金64,503.56有效" (1112×664)
[2026/5/17 01:48:39]      [8] <div> class="arco-scrollbar-container" id="" text="订单汇总 自定义列指标说明全部销售额351,653全部单数25,276全部佣金64,503.56有效" (1112×664)
[2026/5/17 01:48:39]      [9] <div> class="page-main page-order-list" id="" text="订单汇总 自定义列指标说明全部销售额351,653全部单数25,276全部佣金64,503.56有效" (1112×1050)
[2026/5/17 01:48:39]      [10] <div> class="table-space mt-16" id="" text="数据列表导出 导出记录 序号达人信息商品信息订单状态时间信息付款金额预估结算金额佣金率佣金净佣金出单" (1088×728)
[2026/5/17 01:48:39]      [11] <div> class="default-table-head" id="" text="数据列表导出 导出记录" (1088×48)
[2026/5/17 01:48:39]      [12] <div> class="left" id="" text="数据列表导出" (136×32)
[2026/5/17 01:48:39]      [13] <div> class="left-btn ml-8" id="" text="导出" (63×26)
[2026/5/17 01:48:39]      [14] <span> class="text" id="" text="导出" (28×19)
[2026/5/17 01:48:39]      [15] <div> class="right" id="" text="导出记录" (88×32)
[2026/5/17 01:48:39]      [16] <button> class="arco-btn arco-btn-secondary arco-btn-shape-square arco-btn-size-medium arco-btn-status-normal" id="" text="导出记录" (88×32)
[2026/5/17 01:48:39]    📸 截图已保存: C:\Users\W\Desktop\Kimi Code\douyin-dashboard\scripts\.downloads\screenshot-before-export-1778953719315.png
[2026/5/17 01:48:39]    尝试点击导出按钮...
[2026/5/17 01:48:39]    ✅ 已点击导出按钮 (method: .left-btn)
[2026/5/17 01:48:40]    ✅ 已点击导出
[2026/5/17 01:48:40]    步骤2: 点击确认对话框...
[2026/5/17 01:48:40]    ✅ 已确认导出
[2026/5/17 01:48:42]    步骤3: 点击导出记录按钮打开面板...
[2026/5/17 01:48:42]    ✅ 已点击导出记录按钮
[2026/5/17 01:48:45]    步骤4: 轮询导出状态...
[2026/5/17 01:48:45]    ⏳ 导出中... (0s)
[2026/5/17 01:48:48]    ✅ 导出完成，发现下载按钮
[2026/5/17 01:48:48]    步骤5: 点击下载...
[2026/5/17 01:48:48]    📤 捕获下载请求: https://api-v3.doulaoban.com/api/user/v1/export/get_new_download_url?id=671690&type=1
[2026/5/17 01:48:48]    ✅ 已点击下载按钮
[2026/5/17 01:48:48]    🌐 捕获下载响应: https://api-v3.doulaoban.com/api/user/v1/export/get_new_download_url?id=671690&type=1
[2026/5/17 01:48:53]    ✅ Playwright 下载完成: jingxuan_orders_2026051701483950.xlsx
[2026/5/17 01:48:53]    ✅ 下载完成: C:\Users\W\Desktop\Kimi Code\douyin-dashboard\scripts\.downloads\jingxuan_orders_2026051701483950.xlsx
[2026/5/17 01:48:53] 📖 解析订单明细 Excel...
[2026/5/17 01:48:55]    共 25277 行 (含表头)
[2026/5/17 01:48:55]    表头: 商品ID | 商品标题 | 店铺名称 | 付款时间 | 结算时间 | 订单ID | 订单状态 | 付款金额 | 预估结算金额 | 提成比 | 预估收入 | 抖音号名称(备注) | 抖音号ID | 抖音号UID | 出单渠道 | 运营人 | 订单类型
[2026/5/17 01:48:55]    第2行: 3542437005566836375 | 【都乐Dole】塔西提青柠檬1/3袋简装/6袋礼盒装 单包240g-500g 无籽 | 都乐Dole果蔬旗舰店 | 2026-05-16 23:59:43 |  | 6952896364700964449 | 订单已支付 | 14.90 | 14.90 | 10% | 1.49 | 飞雪甄选() | 1795461344 | 108197699420 | 视频 | 混剪 | 小店
[2026/5/17 01:48:55]    第3行: 3605573756933798302 | 萧山萝卜干非遗认证农家三晒三腌自然风干咸甜适宜干脆爽口200g | 昌古味道官方旗舰店 | 2026-05-16 23:58:52 |  | 6952891385770546680 | 订单已支付 | 32.00 | 32.00 | 20% | 6.40 | 时光优品铺() | 85609378233 | 2745902293062071 | 视频 | 混剪 | 小店
[2026/5/17 01:48:55]    列映射: {"accountName":11,"date":3,"amount":7,"commission":10,"netCommission":-1,"orderStatus":6}
[2026/5/17 01:48:55]    聚合后: 703 个账号×日期组合
[2026/5/17 01:48:55] 📊 解析完成: 703 条记录
[2026/5/17 01:48:55] 📤 推送 2026-05-16 的数据: 99 条
[2026/5/17 01:48:55]    样本: 飞雪甄选(177单,296.42), 时光优品铺(34单,69.63), 苔衣精选(16单,31.74)...
[2026/5/17 01:48:58]    ✅ 2026-05-16 推送成功：匹配 99 个账号，更新 99 条
[2026/5/17 01:48:58] 📤 推送 2026-05-15 的数据: 101 条
[2026/5/17 01:48:58]    样本: 湖畔甄选(36单,86.48), 锡月生活坊(45单,118.21), 芸橙优选(23单,89.34)...
[2026/5/17 01:48:59]    ✅ 2026-05-15 推送成功：匹配 101 个账号，更新 101 条
[2026/5/17 01:48:59] 📤 推送 2026-05-14 的数据: 101 条
[2026/5/17 01:48:59]    样本: 七日好物(11单,57.83), 江心好物(42单,106.49), 香初优品(953单,1967.06)...
[2026/5/17 01:49:02]    ✅ 2026-05-14 推送成功：匹配 101 个账号，更新 101 条
[2026/5/17 01:49:02] 📤 推送 2026-05-13 的数据: 100 条
[2026/5/17 01:49:02]    样本: 落霞优品舍(18单,54.81), 风语好物(197单,35.99), 静幽好物(20单,62.79)...
[2026/5/17 01:49:03]    ✅ 2026-05-13 推送成功：匹配 100 个账号，更新 100 条
[2026/5/17 01:49:03] 📤 推送 2026-05-12 的数据: 100 条
[2026/5/17 01:49:03]    样本: 时光优品铺(42单,74.9), 元瑶甄选(14单,93.23), 巧思甄选(27单,34.4)...
[2026/5/17 01:49:05]    ✅ 2026-05-12 推送成功：匹配 100 个账号，更新 100 条
[2026/5/17 01:49:05] 📤 推送 2026-05-11 的数据: 102 条
[2026/5/17 01:49:05]    样本: 香初优品(1747单,2342.7), 飞雪甄选(327单,530.12), 雾凇好物(743单,297.94)...
[2026/5/17 01:49:06]    ✅ 2026-05-11 推送成功：匹配 102 个账号，更新 102 条
[2026/5/17 01:49:06] 📤 推送 2026-05-10 的数据: 100 条
[2026/5/17 01:49:06]    样本: 飞雪甄选(214单,361.36), 巧思甄选(22单,36.87), 江心好物(40单,96.28)...
[2026/5/17 01:49:08]    ✅ 2026-05-10 推送成功：匹配 100 个账号，更新 100 条
[2026/5/17 01:49:08] ✅ 全部推送成功：共 7 天，匹配 703 个账号，更新 703 条
[2026/5/17 01:49:08] ✅ 全部完成
[2026/5/17 01:49:08] 🗑️ 已清理临时文件
